[OK] Vulkan devices enumerated: 0:AMD Radeon RX 9070 (type 2, vendor 0x1002)
[OK] Using GPU: AMD Radeon RX 9070
[OK] Vulkan extensions: VK_EXT_memory_budget VK_EXT_memory_priority VK_EXT_pageable_device_local_memory VK_EXT_shader_atomic_float VK_EXT_shader_atomic_float2 VK_KHR_16bit_storage VK_KHR_8bit_storage VK_KHR_cooperative_matrix VK_KHR_shader_atomic_int64 VK_KHR_shader_float16_int8 VK_KHR_storage_buffer_storage_class VK_KHR_timeline_semaphore VK_KHR_vulkan_memory_model
[OK] shaderInt64 enabled
[OK] shaderBufferInt64Atomics enabled
[OK] VK_EXT_memory_priority enabled
[OK] VK_EXT_pageable_device_local_memory enabled
[OK] Vulkan device initialized (C++ backend)
[OK] VMA allocator initialized (C++ native)
[OK] Vulkan devices enumerated: 0:AMD Radeon RX 9070 (type 2, vendor 0x1002)
[OK] Using GPU: AMD Radeon RX 9070
[OK] Vulkan extensions: VK_EXT_memory_budget VK_EXT_memory_priority VK_EXT_pageable_device_local_memory VK_EXT_shader_atomic_float VK_EXT_shader_atomic_float2 VK_KHR_16bit_storage VK_KHR_8bit_storage VK_KHR_cooperative_matrix VK_KHR_shader_atomic_int64 VK_KHR_shader_float16_int8 VK_KHR_storage_buffer_storage_class VK_KHR_timeline_semaphore VK_KHR_vulkan_memory_model
[OK] shaderInt64 enabled
[OK] shaderBufferInt64Atomics enabled
[OK] VK_EXT_memory_priority enabled
[OK] VK_EXT_pageable_device_local_memory enabled
[OK] Vulkan device initialized (C++ backend)
[OK] VMA allocator initialized (C++ native)
[OK] Vulkan devices enumerated: 0:AMD Radeon RX 9070 (type 2, vendor 0x1002)
[OK] Using GPU: AMD Radeon RX 9070
[OK] Vulkan extensions: VK_EXT_memory_budget VK_EXT_memory_priority VK_EXT_pageable_device_local_memory VK_EXT_shader_atomic_float VK_EXT_shader_atomic_float2 VK_KHR_16bit_storage VK_KHR_8bit_storage VK_KHR_cooperative_matrix VK_KHR_shader_atomic_int64 VK_KHR_shader_float16_int8 VK_KHR_storage_buffer_storage_class VK_KHR_timeline_semaphore VK_KHR_vulkan_memory_model
[OK] shaderInt64 enabled
[OK] shaderBufferInt64Atomics enabled
[OK] VK_EXT_memory_priority enabled
[OK] VK_EXT_pageable_device_local_memory enabled
[OK] Vulkan device initialized (C++ backend)
[OK] VMA allocator initialized (C++ native)
train 10.9MB bytes, test 1.3MB, V=256
model: 23.1M params (d=384, hid=1024, 8+1 experts, 3 blocks)  init 0s
uniform CE = 5.545
gen    0  ce 7.873  ppl  2624.1  bal 0.08/0.24  (1s)
gen   10  ce 5.513  ppl   248.0  bal 0.08/0.24  (183s)
         last gen took 19.2s
gen   12  ce 5.384  ppl   218.0  bal 0.08/0.24  (219s)
         last gen took 17.8s
DONE tag=pilot params=23.1M gens=12 s/gen=17.8
